################################################################################
#                                                                              #
#      IAR Universal Linker V6.5.4.100                                         #
#                                                                              #
#           Link time     =  08/Mar/2021  16:14:06                             #
#           Target CPU    =  MSP430                                            #
#           List file     =  "C:\Users\nopassword\Desktop\ECE_306\Homework 03\ #
#                            Debug\List\Homework_03.map"                       #
#           Output file 1 =  "C:\Users\nopassword\Desktop\ECE_306\Homework 03\ #
#                            Debug\Exe\Homework_03.d43"                        #
#                            Format: ubrof10                                   #
#                            UBROF version 10.0.6                              #
#                            Using library modules for C-SPY (-rt)             #
#           Command line  =  -f                                                #
#                            C:\Users\NOPASS~1\AppData\Local\Temp\EWCAC6.tmp   #
#                            ("C:\Users\nopassword\Desktop\ECE_306\Homework 03 #
#                            \Debug\Obj\clocks.r43"                            #
#                            "C:\Users\nopassword\Desktop\ECE_306\Homework 03\ #
#                            Debug\Obj\init.r43"                               #
#                            "C:\Users\nopassword\Desktop\ECE_306\Homework 03\ #
#                            Compiled\LCD.r43"                                 #
#                            "C:\Users\nopassword\Desktop\ECE_306\Homework 03\ #
#                            Debug\Obj\led.r43"                                #
#                            "C:\Users\nopassword\Desktop\ECE_306\Homework 03\ #
#                            Debug\Obj\main.r43"                               #
#                            "C:\Users\nopassword\Desktop\ECE_306\Homework 03\ #
#                            Debug\Obj\motor_control.r43"                      #
#                            "C:\Users\nopassword\Desktop\ECE_306\Homework 03\ #
#                            Debug\Obj\notes.r43"                              #
#                            "C:\Users\nopassword\Desktop\ECE_306\Homework 03\ #
#                            Debug\Obj\ports.r43"                              #
#                            "C:\Users\nopassword\Desktop\ECE_306\Homework 03\ #
#                            Debug\Obj\switches.r43"                           #
#                            "C:\Users\nopassword\Desktop\ECE_306\Homework 03\ #
#                            Debug\Obj\system.r43"                             #
#                            "C:\Users\nopassword\Desktop\ECE_306\Homework 03\ #
#                            Compiled\timersB0.r43"                            #
#                            -o                                                #
#                            "C:\Users\nopassword\Desktop\ECE_306\Homework 03\ #
#                            Debug\Exe\Homework_03.d43"                        #
#                            -l                                                #
#                            "C:\Users\nopassword\Desktop\ECE_306\Homework 03\ #
#                            Debug\List\Homework_03.map"                       #
#                            -xesni                                            #
#                            "-IC:\Program Files (x86)\IAR Systems\Embedded Wo #
#                            rkbench 8.4\430\LIB\"                             #
#                            -f                                                #
#                            "C:\Program Files (x86)\IAR Systems\Embedded Work #
#                            bench 8.4\430\config\linker\lnk430fr2355.xcl"     #
#                            (-cmsp430 -QCODE_I=CODE_ID -QTLS16_I=TLS16_ID     #
#                            -D__iar_HWMUL=4C0 -Z(CONST)INFO=1800-19FF         #
#                            -Z(DATA)TINYRAM=0006-001F                         #
#                            -Z(DATA)DATA16_I,DATA16_Z,DATA16_N,TLS16_I=2000-2 #
#                            FFF                                               #
#                            -Z(DATA)CODE_I                                    #
#                            -Z(DATA)DATA20_I,DATA20_Z,DATA20_N                #
#                            -Z(DATA)CSTACK+_STACK_SIZE#                       #
#                            -Z(CONST)FRWP_B1,DATA16_P,DATA20_P=8000-FF7F      #
#                            -Z(DATA)DATA16_HEAP+_DATA16_HEAP_SIZE,DATA20_HEAP #
#                            +_DATA20_HEAP_SIZE,FRWP_B2                        #
#                            -Z(CONST)DATA16_C,DATA16_ID,TLS16_ID,DIFUNCT,CHEC #
#                            KSUM=8000-FF7F                                    #
#                            -Z(CONST)DATA20_C,DATA20_ID                       #
#                            -Z(CODE)CSTART,ISR_CODE,CODE_ID=8000-FF7F         #
#                            -P(CODE)CODE,CODE16=8000-FF7F                     #
#                            -Z(CONST)BSLCONFIGURATIONSIGNATURE=FF88-FF89      #
#                            -Z(CONST)BSLCONFIGURATION=FF8A-FF8B               #
#                            -Z(CONST)BSLI2CADDRESS=FFA0-FFA1                  #
#                            -Z(CONST)JTAGSIGNATURE=FF80-FF83                  #
#                            -Z(CONST)BSLSIGNATURE=FF84-FF87                   #
#                            -Z(CODE)INTVEC=FFA2-FFFF                          #
#                            -Z(CODE)RESET=FFFE-FFFF) -f                       #
#                            "C:\Program Files (x86)\IAR Systems\Embedded Work #
#                            bench 8.4\430\config\linker\multiplier32.xcl"     #
#                            (-e?Mul8Hw=?Mul8 -e?Mul16Hw=?Mul16                #
#                            -e?Mul16to32uHw=?Mul16to32u                       #
#                            -e?Mul16to32sHw=?Mul16to32s -e?Mul32Hw32=?Mul32   #
#                            -e?Mul64Hw32=_Mul64i                              #
#                            -e?Mul32u32uto64iHw32=_Mul32u32uto64i             #
#                            -e?Mul32fHw32=_Mul32f                             #
#                            -e_Mul64fHw32Ptr=_Mul64fPtr) -D_STACK_SIZE=A0     #
#                            -rt                                               #
#                            "C:\Program Files (x86)\IAR Systems\Embedded Work #
#                            bench 8.4\430\lib\dlib\dl430xlsfn.r43"            #
#                            -e_PrintfLarge=_Printf -e_ScanfLarge=_Scanf       #
#                            -D_DATA16_HEAP_SIZE=A0 -s __program_start         #
#                            -D_DATA20_HEAP_SIZE=50)                           #
#                                                                              #
#                           Copyright (C) 1987-2018 IAR Systems AB.            #
################################################################################





                ****************************************
                *                                      *
                *           CROSS REFERENCE            *
                *                                      *
                ****************************************

       Program entry at :           806C  Relocatable, from module : ?cstart




                ****************************************
                *                                      *
                *            RUNTIME MODEL             *
                *                                      *
                ****************************************

  __Heap_Handler             = Basic
  __SystemLibrary            = DLib
  __code_model               = large
  __core                     = 430X
  __data_model               = small
  __dlib_file_descriptor     = 0
  __dlib_full_locale_support = 0
  __double_size              = 32
  __pic                      = no
  __reg_r4                   = free
  __reg_r5                   = free
  __rt_version               = 3

                ****************************************
                *                                      *
                *    AUTOMATIC SYMBOL REDIRECTIONS     *
                *                                      *
                ****************************************

                  There are no automatic symbol redirections.

                ****************************************
                *                                      *
                *              ENTRY LIST              *
                *                                      *
                ****************************************

Module  Entry                              Address
------  -----                              -------
?FILLER_BYTES
?ABS_ENTRY_MOD
        _DATA20_HEAP_SIZE                   0050
        _DATA16_HEAP_SIZE                   00A0
        _STACK_SIZE                         00A0
        __iar_HWMUL                         04C0
clocks ( C:\Users\nopassword\Desktop\ECE_306\Homework 03\Debug\Obj\clocks.r43 )
        _A_CSCTL0_L                         0180
        _A_CSCTL1_L                         0182
        _A_CSCTL2_L                         0184
        _A_CSCTL3_L                         0186
        _A_CSCTL4_L                         0188
        _A_CSCTL5_L                         018A
        _A_CSCTL7_L                         018E
        _A_PM5CTL0_L                        0130
        _A_SFRIFG1_L                        0102
        _A_WDTCTL_L                         01CC
        Init_Clocks                         8AFE
        Software_Trim                       8692
        ?setjmp_save_r4                     NOT NEEDED
        ?setjmp_save_r5                     NOT NEEDED
        CSCTL0                              0180
        CSCTL0_H                            0181
        CSCTL0_L                            0180
        CSCTL1                              0182
        CSCTL1_H                            0183
        CSCTL1_L                            0182
        CSCTL2                              0184
        CSCTL2_H                            0185
        CSCTL2_L                            0184
        CSCTL3                              0186
        CSCTL3_H                            0187
        CSCTL3_L                            0186
        CSCTL4                              0188
        CSCTL4_H                            0189
        CSCTL4_L                            0188
        CSCTL5                              018A
        CSCTL5_H                            018B
        CSCTL5_L                            018A
        CSCTL7                              018E
        CSCTL7_H                            018F
        CSCTL7_L                            018E
        PM5CTL0                             0130
        PM5CTL0_H                           0131
        PM5CTL0_L                           0130
        SFRIFG1                             0102
        SFRIFG1_H                           0103
        SFRIFG1_L                           0102
        WDTCTL                              01CC
        WDTCTL_H                            01CD
        WDTCTL_L                            01CC
init ( C:\Users\nopassword\Desktop\ECE_306\Homework 03\Debug\Obj\init.r43 )
        Init_Conditions                     8BC6
        ?setjmp_save_r4                     NOT NEEDED
        ?setjmp_save_r5                     NOT NEEDED
LCD ( C:\Users\nopassword\Desktop\ECE_306\Homework 03\Compiled\LCD.r43 )
        _A_PBOUT_L                          0222
        _A_TB0CCTL2_L                       0386
        _A_TB0CCR2_L                        0396
        _A_UCB1CTLW0_L                      05C0
        _A_UCB1BRW_L                        05C6
        _A_UCB1RXBUF_L                      05CC
        _A_UCB1TXBUF_L                      05CE
        _A_UCB1IFG_L                        05EC
        current_character                   2028
        update_display_count                NOT NEEDED
        display_update_time                 NOT NEEDED
        update_display                      2029
        display_changed                     202A
        lcd_control                         NOT NEEDED
        display_line                        202B
        display                             2008
        posi_L1                             NOT NEEDED
        posi_L2                             NOT NEEDED
        posi_L3                             NOT NEEDED
        posi_L4                             NOT NEEDED
        char_count                          NOT NEEDED
        current_line                        NOT NEEDED
        LCD_test                            NOT NEEDED
        spi_chipselect_idle                 8F58
        spi_chipselect_active               8FA6
        spi_reset_idle                      8FFA
        spi_reset_active                    8FF4
        Display_Process                     8E44
        Display_Update                      8C66
        enable_display_update               8F98
        update_string                       8E82
        Init_LCD                            876C
        lcd_4line                           8F8A
        lcd_BIG_mid                         NOT NEEDED
        lcd_out                             8E20
        lcd_puts                            NOT NEEDED
        WriteIns                            8DD0
        WriteData                           8DF8
        CheckBusy                           NOT NEEDED
        ClrDisplay                          8EB8
        ClrDisplay_Buffer_0                 8F1E
        ClrDisplay_Buffer_1                 8F0A
        ClrDisplay_Buffer_2                 8F32
        ClrDisplay_Buffer_3                 8EF6
        SetPostion                          NOT NEEDED
        DisplayOnOff                        8ECE
        Init_SPI_B1                         8D30
        SPI_B1_write                        8E66
        ?setjmp_save_r4                     NOT NEEDED
        ?setjmp_save_r5                     NOT NEEDED
        PBOUT                               0222
        PBOUT_H                             0223
        PBOUT_L                             0222
        TB0CCTL2                            0386
        TB0CCTL2_H                          0387
        TB0CCTL2_L                          0386
        TB0CCR2                             0396
        TB0CCR2_H                           0397
        TB0CCR2_L                           0396
        UCB1CTLW0                           05C0
        UCB1CTLW0_H                         05C1
        UCB1CTLW0_L                         05C0
        UCB1BRW                             05C6
        UCB1BRW_H                           05C7
        UCB1BRW_L                           05C6
        UCB1RXBUF                           05CC
        UCB1RXBUF_H                         05CD
        UCB1RXBUF_L                         05CC
        UCB1TXBUF                           05CE
        UCB1TXBUF_H                         05CF
        UCB1TXBUF_L                         05CE
        UCB1IFG                             05EC
        UCB1IFG_H                           05ED
        UCB1IFG_L                           05EC
led ( C:\Users\nopassword\Desktop\ECE_306\Homework 03\Debug\Obj\led.r43 )
        _A_PAOUT_L                          0202
        _A_PCOUT_L                          0242
        execute_once                        NOT NEEDED
        Init_LEDs                           NOT NEEDED
        ?setjmp_save_r4                     NOT NEEDED
        ?setjmp_save_r5                     NOT NEEDED
        PAOUT                               0202
        PAOUT_H                             0203
        PAOUT_L                             0202
        PCOUT                               0242
        PCOUT_H                             0243
        PCOUT_L                             0242
main ( C:\Users\nopassword\Desktop\ECE_306\Homework 03\Debug\Obj\main.r43 )
        _A_PCOUT_L                          NOT NEEDED
        _A_PM5CTL0_L                        NOT NEEDED
        old_time_sequence                   2010
        period_count                        NOT NEEDED
        main                                8484
        ?setjmp_save_r4                     NOT NEEDED
        ?setjmp_save_r5                     NOT NEEDED
        PCOUT                               0242
        PCOUT_H                             0243
        PCOUT_L                             0242
        PM5CTL0                             0130
        PM5CTL0_H                           0131
        PM5CTL0_L                           0130
motor_control ( C:\Users\nopassword\Desktop\ECE_306\Homework 03\Debug\Obj\motor_control.r43 )
        _A_PAOUT_L                          NOT NEEDED
        _A_PCOUT_L                          NOT NEEDED
        shape_state                         2057
        motion_state                        2058
        wait_count                          NOT NEEDED
        my_time                             2012
        this_timer                          NOT NEEDED
        time_changed                        2059
        delay_start                         2014
        cycle_time                          2016
        right_motor_count                   205A
        left_motor_count                    205B
        segment_count                       205C
        duration                            2018
        set_motion_state                    205D
        right_count_time                    205E
        left_count_time                     205F
        travel_distance                     2060
        travel_section                      2061
        debug_left                          201A
        debug_right                         201C
        debug_cycle_wheel_count             201E
        debug_travel_distance               2020
        motor_test_state                    NOT NEEDED
        activate_fet_test                   NOT NEEDED
        perform_statement_once              NOT NEEDED
        forward_ON                          8FB2
        forward_OFF                         8FC6
        reverse_ON                          8FD0
        reverse_OFF                         8FE4
        all_motors_OFF                      8FDA
        shape_state_select                  NOT NEEDED
        motion_state_select                 NOT NEEDED
        my_sleep                            8DA8
        start_case                          85B6
        initiate_motion                     8A8C
        end_case                            8108
        motion_process                      891C
        blink_LED                           NOT NEEDED
        fet_test_state_select               NOT NEEDED
        fet_test_activate                   NOT NEEDED
        fet_test                            NOT NEEDED
        ?setjmp_save_r4                     NOT NEEDED
        ?setjmp_save_r5                     NOT NEEDED
        PAOUT                               0202
        PAOUT_H                             0203
        PAOUT_L                             0202
        PCOUT                               0242
        PCOUT_H                             0243
        PCOUT_L                             0242
notes ( C:\Users\nopassword\Desktop\ECE_306\Homework 03\Debug\Obj\notes.r43 )
        ?setjmp_save_r4                     NOT NEEDED
        ?setjmp_save_r5                     NOT NEEDED
ports ( C:\Users\nopassword\Desktop\ECE_306\Homework 03\Debug\Obj\ports.r43 )
        _A_PAOUT_L                          NOT NEEDED
        _A_PADIR_L                          0204
        _A_PAREN_L                          0206
        _A_PASEL0_L                         020A
        _A_PASEL1_L                         020C
        _A_PBOUT_L                          NOT NEEDED
        _A_PBDIR_L                          0224
        _A_PBREN_L                          0226
        _A_PBSEL0_L                         022A
        _A_PBSEL1_L                         022C
        _A_PCOUT_L                          NOT NEEDED
        _A_PCDIR_L                          0244
        _A_PCSEL0_L                         024A
        _A_PCSEL1_L                         024C
        Init_Ports                          8E9E
        init_port_1                         8B64
        init_port_2                         8894
        init_port_3                         8A18
        init_port_4                         899E
        init_port_5                         8CF0
        init_port_6                         8808
        ?setjmp_save_r4                     NOT NEEDED
        ?setjmp_save_r5                     NOT NEEDED
        PAOUT                               0202
        PAOUT_H                             0203
        PAOUT_L                             0202
        PADIR                               0204
        PADIR_H                             0205
        PADIR_L                             0204
        PAREN                               0206
        PAREN_H                             0207
        PAREN_L                             0206
        PASEL0                              020A
        PASEL0_H                            020B
        PASEL0_L                            020A
        PASEL1                              020C
        PASEL1_H                            020D
        PASEL1_L                            020C
        PBOUT                               0222
        PBOUT_H                             0223
        PBOUT_L                             0222
        PBDIR                               0224
        PBDIR_H                             0225
        PBDIR_L                             0224
        PBREN                               0226
        PBREN_H                             0227
        PBREN_L                             0226
        PBSEL0                              022A
        PBSEL0_H                            022B
        PBSEL0_L                            022A
        PBSEL1                              022C
        PBSEL1_H                            022D
        PBSEL1_L                            022C
        PCOUT                               0242
        PCOUT_H                             0243
        PCOUT_L                             0242
        PCDIR                               0244
        PCDIR_H                             0245
        PCDIR_L                             0244
        PCSEL0                              024A
        PCSEL0_H                            024B
        PCSEL0_L                            024A
        PCSEL1                              024C
        PCSEL1_H                            024D
        PCSEL1_L                            024C
switches ( C:\Users\nopassword\Desktop\ECE_306\Homework 03\Debug\Obj\switches.r43 )
        _A_PAIN_L                           0200
        _A_PAOUT_L                          NOT NEEDED
        _A_PBIN_L                           0220
        _A_PCOUT_L                          NOT NEEDED
        okay_to_look_at_switch1             2004
        okay_to_look_at_switch2             2005
        sw1_position                        2006
        sw2_position                        2007
        count_debounce_SW1                  2000
        count_debounce_SW2                  2002
        Switches_Process                    8FBC
        Switch1_Process                     8CAC
        Switch2_Process                     8C18
        ?setjmp_save_r4                     NOT NEEDED
        ?setjmp_save_r5                     NOT NEEDED
        PAIN                                0200
        PAIN_H                              0201
        PAIN_L                              0200
        PAOUT                               0202
        PAOUT_H                             0203
        PAOUT_L                             0202
        PBIN                                0220
        PBIN_H                              0221
        PBIN_L                              0220
        PCOUT                               0242
        PCOUT_H                             0243
        PCOUT_L                             0242
system ( C:\Users\nopassword\Desktop\ECE_306\Homework 03\Debug\Obj\system.r43 )
        enable_interrupts                   8FEE
        ?setjmp_save_r4                     NOT NEEDED
        ?setjmp_save_r5                     NOT NEEDED
timersB0 ( C:\Users\nopassword\Desktop\ECE_306\Homework 03\Compiled\timersB0.r43 )
        _A_TB0CTL_L                         0380
        _A_TB0CCTL0_L                       0382
        _A_TB0CCR0_L                        0392
        _A_TB0CCR1_L                        0394
        _A_TB0CCR2_L                        NOT NEEDED
        _A_TB0EX0_L                         03A0
        _A_TB0IV_L                          03AE
        five_msec_count                     2022
        Time_Sequence                       2024
        one_time                            2062
        time_pass_by                        2026
        Init_Timers                         9000
        Init_Timer_B0                       8D6E
        Timer0_B0_ISR                       8094
        TIMER0_B1_ISR                       80DA
        TIMER0_B1_ISR::??INTVEC 84          FFF6
        Timer0_B0_ISR::??INTVEC 86          FFF8
        ?setjmp_save_r4                     NOT NEEDED
        ?setjmp_save_r5                     NOT NEEDED
        TB0CTL                              0380
        TB0CTL_H                            0381
        TB0CTL_L                            0380
        TB0CCTL0                            0382
        TB0CCTL0_H                          0383
        TB0CCTL0_L                          0382
        TB0CCR0                             0392
        TB0CCR0_H                           0393
        TB0CCR0_L                           0392
        TB0CCR1                             0394
        TB0CCR1_H                           0395
        TB0CCR1_L                           0394
        TB0CCR2                             0396
        TB0CCR2_H                           0397
        TB0CCR2_L                           0396
        TB0EX0                              03A0
        TB0EX0_H                            03A1
        TB0EX0_L                            03A0
        TB0IV                               03AE
        TB0IV_H                             03AF
        TB0IV_L                             03AE
?abort ( C:\Program Files (x86)\IAR Systems\Embedded Workbench 8.4\430\lib\dlib\dl430xlsfn.r43 )
        abort                               NOT NEEDED
?__dbg_break ( C:\Program Files (x86)\IAR Systems\Embedded Workbench 8.4\430\lib\dlib\dl430xlsfn.r43 )
        __DebugBreak                        9012
?__dwrite ( C:\Program Files (x86)\IAR Systems\Embedded Workbench 8.4\430\lib\dlib\dl430xlsfn.r43 )
        __dwrite                            NOT NEEDED
?__exit ( C:\Program Files (x86)\IAR Systems\Embedded Workbench 8.4\430\lib\dlib\dl430xlsfn.r43 )
        __exit                              8EE2
?__write ( C:\Program Files (x86)\IAR Systems\Embedded Workbench 8.4\430\lib\dlib\dl430xlsfn.r43 )
        __write                             NOT NEEDED
?_exit ( C:\Program Files (x86)\IAR Systems\Embedded Workbench 8.4\430\lib\dlib\dl430xlsfn.r43 )
        _exit                               900E
        __cstart_call_dtors                 NOT NEEDED
        __cstart_closeall                   NOT NEEDED
        __cstart_clearlocks                 NOT NEEDED
?cppinit ( C:\Program Files (x86)\IAR Systems\Embedded Workbench 8.4\430\lib\dlib\dl430xlsfn.r43 )
        __call_ctors                        NOT NEEDED
        __alloc_record_needed_destruction   NOT NEEDED
        __record_needed_destruction         NOT NEEDED
        __call_dtors                        NOT NEEDED
        __data16_vec_cctor                  NOT NEEDED
?cstart ( C:\Program Files (x86)\IAR Systems\Embedded Workbench 8.4\430\lib\dlib\dl430xlsfn.r43 )
        __program_start                     806C
        ?cstart_begin                       806C
        ?cstart_call_mpu_init               NOT NEEDED
        ?cstart_call_frwp_init              NOT NEEDED
        ?cstart_call_low_level_init         NOT NEEDED
        ?cstart_init_copy_ramfunc           NOT NEEDED
        ?cstart_init_zero                   8070
        ?cstart_init_copy                   807C
        ?cstart_init_zero20                 NOT NEEDED
        ?cstart_init_copy20                 NOT NEEDED
        __cstart_init_tls                   NOT NEEDED
        ?cstart_call_ctors                  NOT NEEDED
        ?cstart_call_main                   808C
        ?cstart_end                         8094
lowinit ( C:\Program Files (x86)\IAR Systems\Embedded Workbench 8.4\430\lib\dlib\dl430xlsfn.r43 )
        __low_level_init                    NOT NEEDED
?reset_vector ( C:\Program Files (x86)\IAR Systems\Embedded Workbench 8.4\430\lib\dlib\dl430xlsfn.r43 )
        ?reset_vector                       FFFE
?exit ( C:\Program Files (x86)\IAR Systems\Embedded Workbench 8.4\430\lib\dlib\dl430xlsfn.r43 )
        exit                                9006
?FrwpInit ( C:\Program Files (x86)\IAR Systems\Embedded Workbench 8.4\430\lib\dlib\dl430xlsfn.r43 )
        __iar_430_frwp_init                 NOT NEEDED
?malloc ( C:\Program Files (x86)\IAR Systems\Embedded Workbench 8.4\430\lib\dlib\dl430xlsfn.r43 )
        malloc                              NOT NEEDED
?memcpy ( C:\Program Files (x86)\IAR Systems\Embedded Workbench 8.4\430\lib\dlib\dl430xlsfn.r43 )
        memcpy                              8F46
?memmove ( C:\Program Files (x86)\IAR Systems\Embedded Workbench 8.4\430\lib\dlib\dl430xlsfn.r43 )
        memmove                             NOT NEEDED
?memzero ( C:\Program Files (x86)\IAR Systems\Embedded Workbench 8.4\430\lib\dlib\dl430xlsfn.r43 )
        __data16_memzero                    8F7A
        __data16_memcpy                     900A
        __data16_memmove                    NOT NEEDED
?MpuInit ( C:\Program Files (x86)\IAR Systems\Embedded Workbench 8.4\430\lib\dlib\dl430xlsfn.r43 )
        __iar_430_mpu_init                  NOT NEEDED
        ?mpu1_4k_init                       NOT NEEDED
        ?mpu1_8k_init                       NOT NEEDED
        ?mpu1_16k_init                      NOT NEEDED
        ?mpu2_init                          NOT NEEDED
?setjmp ( C:\Program Files (x86)\IAR Systems\Embedded Workbench 8.4\430\lib\dlib\dl430xlsfn.r43 )
        setjmp                              NOT NEEDED
        ?setjmp_r5                          NOT NEEDED
        ?setjmp_r4                          NOT NEEDED
        ?setjmp_end                         NOT NEEDED
?longjmp ( C:\Program Files (x86)\IAR Systems\Embedded Workbench 8.4\430\lib\dlib\dl430xlsfn.r43 )
        longjmp                             NOT NEEDED
        ?longjmp_r5                         NOT NEEDED
        ?longjmp_r4                         NOT NEEDED
        ?longjmp_end                        NOT NEEDED
?IndCallR11 ( C:\Program Files (x86)\IAR Systems\Embedded Workbench 8.4\430\lib\dlib\dl430xlsfn.r43 )
        ?IndCallR11                         NOT NEEDED
?IndCallR15 ( C:\Program Files (x86)\IAR Systems\Embedded Workbench 8.4\430\lib\dlib\dl430xlsfn.r43 )
        ?IndCallR15                         NOT NEEDED
?strcpy ( C:\Program Files (x86)\IAR Systems\Embedded Workbench 8.4\430\lib\dlib\dl430xlsfn.r43 )
        strcpy                              8F6A
?xcloseall ( C:\Program Files (x86)\IAR Systems\Embedded Workbench 8.4\430\lib\dlib\dl430xlsfn.r43 )
        _Close_all                          NOT NEEDED
?xgetmemchunk ( C:\Program Files (x86)\IAR Systems\Embedded Workbench 8.4\430\lib\dlib\dl430xlsfn.r43 )
        __data16_GetMemChunk                NOT NEEDED
?xxmemxfree ( C:\Program Files (x86)\IAR Systems\Embedded Workbench 8.4\430\lib\dlib\dl430xlsfn.r43 )
        __data16_free                       NOT NEEDED
?xxmemxmalloc ( C:\Program Files (x86)\IAR Systems\Embedded Workbench 8.4\430\lib\dlib\dl430xlsfn.r43 )
        __data16_Aldata                     NOT NEEDED
        __data16_malloc                     NOT NEEDED
        __data16_findmem                     LOCAL, NOT NEEDED


                ****************************************
                *                                      *
                *            MODULE SUMMARY            *
                *                                      *
                ****************************************

Module               CODE      DATA      CONST
------               ----      ----      -----
                    (Rel)  (Rel)  (Abs)  (Rel)
?__dbg_break            2
?__exit                20
?_exit                  4
?cstart                40
?exit                   4
?memcpy                18
?memzero               20
?reset_vector           2
?strcpy                16
LCD                   686     55     12
  + shared                            4
clocks                320            18
  + shared                            2
init                   82
led
  + shared                            4
main                  306      2            22
motor_control       1 446     27            77
ports                 702            22
switches              156      8      4      8
system                  6
timersB0              180      7     12
  + common             88
N/A (command line)           160
N/A (alignment)
----------          -----    ---     --    ---
Total:              4 010    259     78    107
  + common             88


                ****************************************
                *                                      *
                *      SEGMENTS IN ADDRESS ORDER       *
                *                                      *
                ****************************************


SEGMENT              SPACE    START ADDRESS   END ADDRESS     SIZE  TYPE  ALIGN
=======              =====    =============   ===========     ====  ====  =====
DATA16_AN                              0102 - 0103               2   rel    0
                                       0130 - 0131               2 
                                       0180 - 018B               C 
                                       018E - 018F               2 
                                       01CC - 01CD               2 
                                       0200 - 0207               8 
                                       020A - 020D               4 
                                       0220 - 0227               8 
                                       022A - 022D               4 
                                       0242 - 0245               4 
                                       024A - 024D               4 
                                       0380 - 0383               4 
                                       0386 - 0387               2 
                                       0392 - 0397               6 
                                       03A0 - 03A1               2 
                                       03AE - 03AF               2 
                                       05C0 - 05C1               2 
                                       05C6 - 05C7               2 
                                       05CC - 05CF               4 
                                       05EC - 05ED               2 
DATA16_I                               2000 - 2007               8   rel    1
DATA16_Z                               2008 - 2062              5B   rel    1
CODE_I                                    2064                       rel    1
DATA20_I                                  2064                       rel    1
DATA20_Z                                  2064                       rel    1
DATA20_N                                  2064                       rel    1
CSTACK                                 2F60 - 2FFF              A0   rel    1
DATA16_C                               8000 - 8062              63   rel    0
DATA16_ID                              8064 - 806B               8   rel    1
DATA20_ID                                 806C                       rel    1
DATA20_C                                  806C                       rel    1
CSTART                                 806C - 8093              28   rel    1
ISR_CODE                               8094 - 8107              74   rel    1
CODE_ID                                   8108                       rel    1
<CODE> 1                               8108 - 9013             F0C   rel    1
INTVEC                                 FFA2 - FFF9              58   com    1
RESET                                  FFFE - FFFF               2   rel    1

                ****************************************
                *                                      *
                *        END OF CROSS REFERENCE        *
                *                                      *
                ****************************************

 4 098 bytes of CODE  memory
   259 bytes of DATA  memory (+ 78 absolute )
   107 bytes of CONST memory

Errors: none
Warnings: none

